error in ./../../../scripts/./http-sensitive_POSTs.bro, line 129: unknown identifier Phish::SensitivePOST, at or near "Phish::SensitivePOST"
